../Core/Src/main.c:72:5:__io_putchar	16	static
../Core/Src/main.c:78:6:HAL_GPIO_EXTI_Callback	24	static
../Core/Src/main.c:111:6:delay_us	24	static,ignoring_inline_asm
../Core/Src/main.c:118:6:update_leds	16	static
../Core/Src/main.c:154:5:main	40	static
../Core/Src/main.c:226:6:SystemClock_Config	88	static
../Core/Src/main.c:273:13:MX_TIM1_Init	96	static
../Core/Src/main.c:348:13:MX_TIM2_Init	32	static
../Core/Src/main.c:393:13:MX_USART2_UART_Init	8	static
../Core/Src/main.c:426:13:MX_GPIO_Init	48	static
../Core/Src/main.c:501:6:Error_Handler	4	static,ignoring_inline_asm
